2026-09-17T03:49:11.599024195Z 2026/09/17 03:49:11.598643 level=info event=boot node=kv-n2 variant=buggy lease_ms=5000 tick_ms=25 hb_ms=100 election_ms=600-900 peers=[kv-n1 kv-n3] client=0.0.0.0:8080 peer=0.0.0.0:9090 data_dir="/var/lib/kv" seed=20260906 node_seed=5802359890235138391
2026-09-17T03:49:12.402308665Z 2026/09/17 03:49:12.402090 level=info event=election_start node=kv-n2 term=1 last_index=0 last_term=0
2026-09-17T03:49:12.407844276Z 2026/09/17 03:49:12.407723 level=info event=elected node=kv-n2 term=1 noop_index=1
2026-09-17T03:49:22.828383573Z 2026/09/17 03:49:22.828213 level=warn event=request_error node=kv-n2 status=504 code=READ_TIMEOUT msg="context canceled"
2026-09-17T03:49:22.829651080Z 2026/09/17 03:49:22.829456 level=warn event=request_error node=kv-n2 status=504 code=READ_TIMEOUT msg="context canceled"
2026-09-17T03:49:23.267955022Z 2026/09/17 03:49:23.267762 level=warn event=request_error node=kv-n2 status=504 code=CLIENT_GONE msg=""
2026-09-17T03:49:23.268550467Z 2026/09/17 03:49:23.268459 level=warn event=request_error node=kv-n2 status=504 code=CLIENT_GONE msg=""
2026-09-17T03:49:23.274154642Z 2026/09/17 03:49:23.274081 level=warn event=request_error node=kv-n2 status=504 code=CLIENT_GONE msg=""
2026-09-17T03:49:23.274366997Z 2026/09/17 03:49:23.274147 level=warn event=request_error node=kv-n2 status=504 code=CLIENT_GONE msg=""
2026-09-17T03:49:23.275508574Z 2026/09/17 03:49:23.275438 level=warn event=request_error node=kv-n2 status=504 code=CLIENT_GONE msg=""
2026-09-17T03:49:23.276453207Z 2026/09/17 03:49:23.276381 level=warn event=request_error node=kv-n2 status=504 code=CLIENT_GONE msg=""
2026-09-17T03:49:23.281363174Z 2026/09/17 03:49:23.281248 level=warn event=request_error node=kv-n2 status=504 code=CLIENT_GONE msg=""
2026-09-17T03:49:23.281377887Z 2026/09/17 03:49:23.281256 level=warn event=request_error node=kv-n2 status=504 code=CLIENT_GONE msg=""
2026-09-17T03:49:23.284291459Z 2026/09/17 03:49:23.284079 level=warn event=request_error node=kv-n2 status=504 code=CLIENT_GONE msg=""
2026-09-17T03:49:23.284300992Z 2026/09/17 03:49:23.284091 level=warn event=request_error node=kv-n2 status=504 code=CLIENT_GONE msg=""
2026-09-17T03:49:23.284302798Z 2026/09/17 03:49:23.284158 level=warn event=request_error node=kv-n2 status=504 code=CLIENT_GONE msg=""
2026-09-17T03:49:23.284304237Z 2026/09/17 03:49:23.284163 level=warn event=request_error node=kv-n2 status=504 code=CLIENT_GONE msg=""
2026-09-17T03:49:23.288054901Z 2026/09/17 03:49:23.287989 level=warn event=request_error node=kv-n2 status=504 code=CLIENT_GONE msg=""
2026-09-17T03:49:23.299172314Z 2026/09/17 03:49:23.299019 level=warn event=request_error node=kv-n2 status=504 code=CLIENT_GONE msg=""
2026-09-17T03:49:23.735299969Z 2026/09/17 03:49:23.735155 level=warn event=request_error node=kv-n2 status=504 code=READ_TIMEOUT msg="context canceled"
2026-09-17T03:49:23.738063393Z 2026/09/17 03:49:23.737954 level=warn event=request_error node=kv-n2 status=504 code=READ_TIMEOUT msg="context canceled"
2026-09-17T03:49:23.748505429Z 2026/09/17 03:49:23.748396 level=warn event=request_error node=kv-n2 status=504 code=CLIENT_GONE msg=""
2026-09-17T03:49:23.754972263Z 2026/09/17 03:49:23.754503 level=warn event=request_error node=kv-n2 status=504 code=CLIENT_GONE msg=""
2026-09-17T03:49:23.761820446Z 2026/09/17 03:49:23.761732 level=warn event=request_error node=kv-n2 status=504 code=READ_TIMEOUT msg="context canceled"
2026-09-17T03:49:24.199634582Z 2026/09/17 03:49:24.199484 level=warn event=request_error node=kv-n2 status=504 code=CLIENT_GONE msg=""
2026-09-17T03:49:24.200244200Z 2026/09/17 03:49:24.200146 level=warn event=request_error node=kv-n2 status=504 code=CLIENT_GONE msg=""
2026-09-17T03:49:24.210518464Z 2026/09/17 03:49:24.210355 level=warn event=request_error node=kv-n2 status=504 code=CLIENT_GONE msg=""
2026-09-17T03:49:24.212124906Z 2026/09/17 03:49:24.211988 level=warn event=request_error node=kv-n2 status=504 code=CLIENT_GONE msg=""
2026-09-17T03:49:24.219388659Z 2026/09/17 03:49:24.219221 level=warn event=request_error node=kv-n2 status=504 code=CLIENT_GONE msg=""
2026-09-17T03:49:24.219732516Z 2026/09/17 03:49:24.219228 level=warn event=request_error node=kv-n2 status=504 code=CLIENT_GONE msg=""
2026-09-17T03:49:24.225993018Z 2026/09/17 03:49:24.225866 level=warn event=request_error node=kv-n2 status=504 code=CLIENT_GONE msg=""
2026-09-17T03:49:24.226527330Z 2026/09/17 03:49:24.226469 level=warn event=request_error node=kv-n2 status=504 code=CLIENT_GONE msg=""
2026-09-17T03:49:24.228122336Z 2026/09/17 03:49:24.228071 level=warn event=request_error node=kv-n2 status=504 code=CLIENT_GONE msg=""
2026-09-17T03:49:24.229322682Z 2026/09/17 03:49:24.229185 level=warn event=request_error node=kv-n2 status=504 code=CLIENT_GONE msg=""
2026-09-17T03:49:24.273872198Z 2026/09/17 03:49:24.273737 level=warn event=request_error node=kv-n2 status=504 code=CLIENT_GONE msg=""
2026-09-17T03:49:24.661129997Z 2026/09/17 03:49:24.660949 level=warn event=request_error node=kv-n2 status=504 code=CLIENT_GONE msg=""
2026-09-17T03:49:24.682054801Z 2026/09/17 03:49:24.681891 level=warn event=request_error node=kv-n2 status=504 code=CLIENT_GONE msg=""
2026-09-17T03:49:24.682215451Z 2026/09/17 03:49:24.681956 level=warn event=request_error node=kv-n2 status=504 code=CLIENT_GONE msg=""
2026-09-17T03:49:24.689078957Z 2026/09/17 03:49:24.688999 level=warn event=request_error node=kv-n2 status=504 code=CLIENT_GONE msg=""
2026-09-17T03:49:24.694966310Z 2026/09/17 03:49:24.694875 level=warn event=request_error node=kv-n2 status=504 code=CLIENT_GONE msg=""
2026-09-17T03:49:24.729310291Z 2026/09/17 03:49:24.729206 level=warn event=request_error node=kv-n2 status=504 code=READ_TIMEOUT msg="context canceled"
2026-09-17T03:49:25.148376218Z 2026/09/17 03:49:25.148191 level=warn event=request_error node=kv-n2 status=504 code=CLIENT_GONE msg=""
2026-09-17T03:49:25.150521322Z 2026/09/17 03:49:25.150430 level=warn event=request_error node=kv-n2 status=504 code=CLIENT_GONE msg=""
2026-09-17T03:49:25.161323548Z 2026/09/17 03:49:25.161130 level=warn event=request_error node=kv-n2 status=504 code=CLIENT_GONE msg=""
2026-09-17T03:49:25.176054966Z 2026/09/17 03:49:25.175942 level=warn event=request_error node=kv-n2 status=504 code=CLIENT_GONE msg=""
2026-09-17T03:49:25.193429196Z 2026/09/17 03:49:25.193326 level=warn event=request_error node=kv-n2 status=504 code=CLIENT_GONE msg=""
2026-09-17T03:49:25.201260113Z 2026/09/17 03:49:25.201138 level=warn event=request_error node=kv-n2 status=504 code=CLIENT_GONE msg=""
2026-09-17T03:49:25.211625941Z 2026/09/17 03:49:25.211504 level=warn event=request_error node=kv-n2 status=504 code=CLIENT_GONE msg=""
2026-09-17T03:49:25.211636542Z 2026/09/17 03:49:25.211526 level=warn event=request_error node=kv-n2 status=504 code=CLIENT_GONE msg=""
2026-09-17T03:49:25.221087827Z 2026/09/17 03:49:25.220966 level=warn event=request_error node=kv-n2 status=504 code=CLIENT_GONE msg=""
2026-09-17T03:49:25.241411062Z 2026/09/17 03:49:25.241269 level=warn event=request_error node=kv-n2 status=504 code=CLIENT_GONE msg=""
2026-09-17T03:49:25.653609609Z 2026/09/17 03:49:25.653478 level=warn event=request_error node=kv-n2 status=504 code=CLIENT_GONE msg=""
2026-09-17T03:49:25.683815147Z 2026/09/17 03:49:25.683680 level=warn event=request_error node=kv-n2 status=504 code=CLIENT_GONE msg=""
2026-09-17T03:49:25.704487987Z 2026/09/17 03:49:25.704378 level=warn event=request_error node=kv-n2 status=504 code=CLIENT_GONE msg=""
2026-09-17T03:49:25.704561109Z 2026/09/17 03:49:25.704386 level=warn event=request_error node=kv-n2 status=504 code=CLIENT_GONE msg=""
2026-09-17T03:49:25.716317671Z 2026/09/17 03:49:25.716209 level=warn event=request_error node=kv-n2 status=504 code=READ_TIMEOUT msg="context canceled"
2026-09-17T03:49:25.725663647Z 2026/09/17 03:49:25.725551 level=warn event=request_error node=kv-n2 status=504 code=CLIENT_GONE msg=""
2026-09-17T03:49:25.734351905Z 2026/09/17 03:49:25.734234 level=warn event=request_error node=kv-n2 status=504 code=CLIENT_GONE msg=""
2026-09-17T03:49:26.148645199Z 2026/09/17 03:49:26.148490 level=warn event=request_error node=kv-n2 status=504 code=CLIENT_GONE msg=""
2026-09-17T03:49:26.153499597Z 2026/09/17 03:49:26.153428 level=warn event=request_error node=kv-n2 status=504 code=CLIENT_GONE msg=""
2026-09-17T03:49:26.182653724Z 2026/09/17 03:49:26.182604 level=warn event=request_error node=kv-n2 status=504 code=CLIENT_GONE msg=""
2026-09-17T03:49:26.205325291Z 2026/09/17 03:49:26.205239 level=warn event=request_error node=kv-n2 status=504 code=CLIENT_GONE msg=""
2026-09-17T03:49:26.205335237Z 2026/09/17 03:49:26.205304 level=warn event=request_error node=kv-n2 status=504 code=CLIENT_GONE msg=""
2026-09-17T03:49:26.218297565Z 2026/09/17 03:49:26.218162 level=warn event=request_error node=kv-n2 status=504 code=CLIENT_GONE msg=""
2026-09-17T03:49:26.225909388Z 2026/09/17 03:49:26.225826 level=warn event=request_error node=kv-n2 status=504 code=CLIENT_GONE msg=""
2026-09-17T03:49:26.236540324Z 2026/09/17 03:49:26.236430 level=warn event=request_error node=kv-n2 status=504 code=CLIENT_GONE msg=""
2026-09-17T03:49:26.239014824Z 2026/09/17 03:49:26.238921 level=warn event=request_error node=kv-n2 status=504 code=CLIENT_GONE msg=""
2026-09-17T03:49:26.644384713Z 2026/09/17 03:49:26.644219 level=warn event=request_error node=kv-n2 status=504 code=CLIENT_GONE msg=""
2026-09-17T03:49:26.652227848Z 2026/09/17 03:49:26.652096 level=warn event=request_error node=kv-n2 status=504 code=CLIENT_GONE msg=""
2026-09-17T03:49:26.665000134Z 2026/09/17 03:49:26.664899 level=warn event=request_error node=kv-n2 status=504 code=CLIENT_GONE msg=""
2026-09-17T03:49:26.671252423Z 2026/09/17 03:49:26.671139 level=warn event=request_error node=kv-n2 status=504 code=CLIENT_GONE msg=""
2026-09-17T03:49:26.679109737Z 2026/09/17 03:49:26.678842 level=warn event=request_error node=kv-n2 status=504 code=CLIENT_GONE msg=""
2026-09-17T03:49:26.688100818Z 2026/09/17 03:49:26.688023 level=warn event=request_error node=kv-n2 status=504 code=CLIENT_GONE msg=""
2026-09-17T03:49:26.695558505Z 2026/09/17 03:49:26.695507 level=warn event=request_error node=kv-n2 status=504 code=READ_TIMEOUT msg="context canceled"
2026-09-17T03:49:26.695687492Z 2026/09/17 03:49:26.695578 level=warn event=request_error node=kv-n2 status=504 code=READ_TIMEOUT msg="context canceled"
2026-09-17T03:49:26.702023428Z 2026/09/17 03:49:26.701967 level=warn event=request_error node=kv-n2 status=504 code=CLIENT_GONE msg=""
2026-09-17T03:49:26.716611370Z 2026/09/17 03:49:26.716503 level=info event=role_change node=kv-n2 role=follower term=2 leader="kv-n1"
