2026-09-17T03:43:27.043116330Z 2026/09/17 03:43:27.042927 level=info event=boot node=kv-n2 variant=buggy lease_ms=5000 tick_ms=25 hb_ms=100 election_ms=600-900 peers=[kv-n1 kv-n3] client=0.0.0.0:8080 peer=0.0.0.0:9090 data_dir="/var/lib/kv" seed=20260906 node_seed=5802359890235138391
2026-09-17T03:43:27.845113467Z 2026/09/17 03:43:27.844895 level=info event=election_start node=kv-n2 term=1 last_index=0 last_term=0
2026-09-17T03:43:27.850612947Z 2026/09/17 03:43:27.850507 level=info event=elected node=kv-n2 term=1 noop_index=1
2026-09-17T03:43:38.130868946Z 2026/09/17 03:43:38.130665 level=warn event=request_error node=kv-n2 status=504 code=READ_TIMEOUT msg="context canceled"
2026-09-17T03:43:38.138954506Z 2026/09/17 03:43:38.138837 level=warn event=request_error node=kv-n2 status=504 code=READ_TIMEOUT msg="context canceled"
2026-09-17T03:43:38.583751698Z 2026/09/17 03:43:38.583555 level=warn event=request_error node=kv-n2 status=504 code=CLIENT_GONE msg=""
2026-09-17T03:43:38.584197092Z 2026/09/17 03:43:38.583999 level=warn event=request_error node=kv-n2 status=504 code=CLIENT_GONE msg=""
2026-09-17T03:43:38.584213097Z 2026/09/17 03:43:38.584000 level=warn event=request_error node=kv-n2 status=504 code=CLIENT_GONE msg=""
2026-09-17T03:43:38.584216727Z 2026/09/17 03:43:38.584010 level=warn event=request_error node=kv-n2 status=504 code=CLIENT_GONE msg=""
2026-09-17T03:43:38.587709790Z 2026/09/17 03:43:38.587596 level=warn event=request_error node=kv-n2 status=504 code=CLIENT_GONE msg=""
2026-09-17T03:43:38.592513055Z 2026/09/17 03:43:38.592432 level=warn event=request_error node=kv-n2 status=504 code=CLIENT_GONE msg=""
2026-09-17T03:43:38.594909064Z 2026/09/17 03:43:38.594834 level=warn event=request_error node=kv-n2 status=504 code=CLIENT_GONE msg=""
2026-09-17T03:43:38.597763666Z 2026/09/17 03:43:38.597687 level=warn event=request_error node=kv-n2 status=504 code=CLIENT_GONE msg=""
2026-09-17T03:43:38.602514881Z 2026/09/17 03:43:38.602397 level=warn event=request_error node=kv-n2 status=504 code=CLIENT_GONE msg=""
2026-09-17T03:43:38.604836194Z 2026/09/17 03:43:38.604743 level=warn event=request_error node=kv-n2 status=504 code=CLIENT_GONE msg=""
2026-09-17T03:43:38.605798107Z 2026/09/17 03:43:38.605688 level=warn event=request_error node=kv-n2 status=504 code=CLIENT_GONE msg=""
2026-09-17T03:43:38.611619761Z 2026/09/17 03:43:38.611545 level=warn event=request_error node=kv-n2 status=504 code=CLIENT_GONE msg=""
2026-09-17T03:43:38.612739865Z 2026/09/17 03:43:38.612668 level=warn event=request_error node=kv-n2 status=504 code=CLIENT_GONE msg=""
2026-09-17T03:43:38.614740778Z 2026/09/17 03:43:38.614636 level=warn event=request_error node=kv-n2 status=504 code=CLIENT_GONE msg=""
2026-09-17T03:43:39.050854154Z 2026/09/17 03:43:39.050674 level=warn event=request_error node=kv-n2 status=504 code=CLIENT_GONE msg=""
2026-09-17T03:43:39.058365515Z 2026/09/17 03:43:39.058228 level=warn event=request_error node=kv-n2 status=504 code=CLIENT_GONE msg=""
2026-09-17T03:43:39.082100496Z 2026/09/17 03:43:39.081915 level=warn event=request_error node=kv-n2 status=504 code=READ_TIMEOUT msg="context canceled"
2026-09-17T03:43:39.502254102Z 2026/09/17 03:43:39.501930 level=warn event=request_error node=kv-n2 status=504 code=CLIENT_GONE msg=""
2026-09-17T03:43:39.507470184Z 2026/09/17 03:43:39.507318 level=warn event=request_error node=kv-n2 status=504 code=CLIENT_GONE msg=""
2026-09-17T03:43:39.512370479Z 2026/09/17 03:43:39.512273 level=warn event=request_error node=kv-n2 status=504 code=CLIENT_GONE msg=""
2026-09-17T03:43:39.528576826Z 2026/09/17 03:43:39.528406 level=warn event=request_error node=kv-n2 status=504 code=CLIENT_GONE msg=""
2026-09-17T03:43:39.529934878Z 2026/09/17 03:43:39.529830 level=warn event=request_error node=kv-n2 status=504 code=CLIENT_GONE msg=""
2026-09-17T03:43:39.536104780Z 2026/09/17 03:43:39.535994 level=warn event=request_error node=kv-n2 status=504 code=CLIENT_GONE msg=""
2026-09-17T03:43:39.536273309Z 2026/09/17 03:43:39.536172 level=warn event=request_error node=kv-n2 status=504 code=CLIENT_GONE msg=""
2026-09-17T03:43:39.560274622Z 2026/09/17 03:43:39.560142 level=warn event=request_error node=kv-n2 status=504 code=CLIENT_GONE msg=""
2026-09-17T03:43:39.561168778Z 2026/09/17 03:43:39.561040 level=warn event=request_error node=kv-n2 status=504 code=CLIENT_GONE msg=""
2026-09-17T03:43:39.571182172Z 2026/09/17 03:43:39.570993 level=warn event=request_error node=kv-n2 status=504 code=CLIENT_GONE msg=""
2026-09-17T03:43:39.583961653Z 2026/09/17 03:43:39.583875 level=warn event=request_error node=kv-n2 status=504 code=CLIENT_GONE msg=""
2026-09-17T03:43:39.587844299Z 2026/09/17 03:43:39.587721 level=warn event=request_error node=kv-n2 status=504 code=CLIENT_GONE msg=""
2026-09-17T03:43:39.601134598Z 2026/09/17 03:43:39.601029 level=warn event=request_error node=kv-n2 status=504 code=CLIENT_GONE msg=""
2026-09-17T03:43:39.977468749Z 2026/09/17 03:43:39.977245 level=warn event=request_error node=kv-n2 status=504 code=CLIENT_GONE msg=""
2026-09-17T03:43:39.985090756Z 2026/09/17 03:43:39.984960 level=warn event=request_error node=kv-n2 status=504 code=CLIENT_GONE msg=""
2026-09-17T03:43:40.018243553Z 2026/09/17 03:43:40.018042 level=warn event=request_error node=kv-n2 status=504 code=READ_TIMEOUT msg="context canceled"
2026-09-17T03:43:40.021532402Z 2026/09/17 03:43:40.021415 level=warn event=request_error node=kv-n2 status=504 code=READ_TIMEOUT msg="context canceled"
2026-09-17T03:43:40.044812155Z 2026/09/17 03:43:40.044691 level=warn event=request_error node=kv-n2 status=504 code=READ_TIMEOUT msg="context canceled"
2026-09-17T03:43:40.047145386Z 2026/09/17 03:43:40.047058 level=warn event=request_error node=kv-n2 status=504 code=CLIENT_GONE msg=""
2026-09-17T03:43:40.427833993Z 2026/09/17 03:43:40.427639 level=warn event=request_error node=kv-n2 status=504 code=CLIENT_GONE msg=""
2026-09-17T03:43:40.432856877Z 2026/09/17 03:43:40.432734 level=warn event=request_error node=kv-n2 status=504 code=CLIENT_GONE msg=""
2026-09-17T03:43:40.433771796Z 2026/09/17 03:43:40.433688 level=warn event=request_error node=kv-n2 status=504 code=CLIENT_GONE msg=""
2026-09-17T03:43:40.451817100Z 2026/09/17 03:43:40.451699 level=warn event=request_error node=kv-n2 status=504 code=CLIENT_GONE msg=""
2026-09-17T03:43:40.453219242Z 2026/09/17 03:43:40.453071 level=warn event=request_error node=kv-n2 status=504 code=CLIENT_GONE msg=""
2026-09-17T03:43:40.455603461Z 2026/09/17 03:43:40.455505 level=warn event=request_error node=kv-n2 status=504 code=CLIENT_GONE msg=""
2026-09-17T03:43:40.489537708Z 2026/09/17 03:43:40.489435 level=warn event=request_error node=kv-n2 status=504 code=CLIENT_GONE msg=""
2026-09-17T03:43:40.497172341Z 2026/09/17 03:43:40.497056 level=warn event=request_error node=kv-n2 status=504 code=CLIENT_GONE msg=""
2026-09-17T03:43:40.520712329Z 2026/09/17 03:43:40.520341 level=warn event=request_error node=kv-n2 status=504 code=CLIENT_GONE msg=""
2026-09-17T03:43:40.533082393Z 2026/09/17 03:43:40.532953 level=warn event=request_error node=kv-n2 status=504 code=CLIENT_GONE msg=""
2026-09-17T03:43:40.912168493Z 2026/09/17 03:43:40.912031 level=warn event=request_error node=kv-n2 status=504 code=READ_TIMEOUT msg="context canceled"
2026-09-17T03:43:40.925831452Z 2026/09/17 03:43:40.925731 level=warn event=request_error node=kv-n2 status=504 code=CLIENT_GONE msg=""
2026-09-17T03:43:40.925895629Z 2026/09/17 03:43:40.925798 level=warn event=request_error node=kv-n2 status=504 code=CLIENT_GONE msg=""
2026-09-17T03:43:40.945463402Z 2026/09/17 03:43:40.945398 level=warn event=request_error node=kv-n2 status=504 code=CLIENT_GONE msg=""
2026-09-17T03:43:40.962746568Z 2026/09/17 03:43:40.962548 level=warn event=request_error node=kv-n2 status=504 code=CLIENT_GONE msg=""
2026-09-17T03:43:40.977974936Z 2026/09/17 03:43:40.977881 level=warn event=request_error node=kv-n2 status=504 code=CLIENT_GONE msg=""
2026-09-17T03:43:40.986827550Z 2026/09/17 03:43:40.986734 level=warn event=request_error node=kv-n2 status=504 code=CLIENT_GONE msg=""
2026-09-17T03:43:41.031273885Z 2026/09/17 03:43:41.031177 level=warn event=request_error node=kv-n2 status=504 code=READ_TIMEOUT msg="context canceled"
2026-09-17T03:43:41.355842041Z 2026/09/17 03:43:41.355703 level=warn event=request_error node=kv-n2 status=504 code=CLIENT_GONE msg=""
2026-09-17T03:43:41.361788286Z 2026/09/17 03:43:41.361694 level=warn event=request_error node=kv-n2 status=504 code=CLIENT_GONE msg=""
2026-09-17T03:43:41.382287803Z 2026/09/17 03:43:41.382200 level=warn event=request_error node=kv-n2 status=504 code=CLIENT_GONE msg=""
2026-09-17T03:43:41.384607672Z 2026/09/17 03:43:41.384525 level=warn event=request_error node=kv-n2 status=504 code=CLIENT_GONE msg=""
2026-09-17T03:43:41.388092898Z 2026/09/17 03:43:41.387822 level=warn event=request_error node=kv-n2 status=504 code=CLIENT_GONE msg=""
2026-09-17T03:43:41.414959267Z 2026/09/17 03:43:41.414833 level=warn event=request_error node=kv-n2 status=504 code=CLIENT_GONE msg=""
2026-09-17T03:43:41.436179394Z 2026/09/17 03:43:41.436022 level=warn event=request_error node=kv-n2 status=504 code=CLIENT_GONE msg=""
2026-09-17T03:43:41.474164890Z 2026/09/17 03:43:41.474080 level=warn event=request_error node=kv-n2 status=504 code=CLIENT_GONE msg=""
2026-09-17T03:43:41.839512438Z 2026/09/17 03:43:41.839385 level=warn event=request_error node=kv-n2 status=504 code=CLIENT_GONE msg=""
2026-09-17T03:43:41.842970927Z 2026/09/17 03:43:41.842812 level=warn event=request_error node=kv-n2 status=504 code=CLIENT_GONE msg=""
2026-09-17T03:43:41.843520337Z 2026/09/17 03:43:41.843413 level=warn event=request_error node=kv-n2 status=504 code=READ_TIMEOUT msg="context canceled"
2026-09-17T03:43:41.862595216Z 2026/09/17 03:43:41.862460 level=warn event=request_error node=kv-n2 status=504 code=CLIENT_GONE msg=""
2026-09-17T03:43:41.863977084Z 2026/09/17 03:43:41.863871 level=warn event=request_error node=kv-n2 status=504 code=CLIENT_GONE msg=""
2026-09-17T03:43:41.901096942Z 2026/09/17 03:43:41.900982 level=warn event=request_error node=kv-n2 status=504 code=CLIENT_GONE msg=""
2026-09-17T03:43:41.918424649Z 2026/09/17 03:43:41.918328 level=warn event=request_error node=kv-n2 status=504 code=CLIENT_GONE msg=""
2026-09-17T03:43:41.966675310Z 2026/09/17 03:43:41.966540 level=warn event=request_error node=kv-n2 status=504 code=CLIENT_GONE msg=""
2026-09-17T03:43:41.967580810Z 2026/09/17 03:43:41.967483 level=warn event=request_error node=kv-n2 status=504 code=CLIENT_GONE msg=""
2026-09-17T03:43:42.002798458Z 2026/09/17 03:43:42.002688 level=info event=role_change node=kv-n2 role=follower term=2 leader=""
